// Jest Snapshot v1, https://goo.gl/fbAQLP

exports[`User Module returns the correct user object 1`] = `
{
  "email": "john.doe@example.com",
  "id": 1,
  "name": "John Doe",
}
`;
